<?xml version="1.0" encoding="UTF-8"?>
<testsuites name="jest tests" tests="1" failures="0" errors="0" time="1.081">
  <testsuite name="undefined" errors="0" failures="0" skipped="0" timestamp="2020-12-01T18:38:32" time="0.469" tests="1">
    <testcase classname=" renders without crashing" name=" renders without crashing" time="0.015">
    </testcase>
  </testsuite>
</testsuites>